R2

System Bootstrap, Version 15.1(4)M4, RELEASE SOFTWARE (fc1)
Technical Support: http://www.cisco.com/techsupport
Copyright (c) 2010 by cisco Systems, Inc.
Total memory size = 512 MB - On-board = 512 MB, DIMM0 = 0 MB
CISCO1941/K9 platform with 524288 Kbytes of main memory
Main memory is configured to 64/-1(On-board/DIMM0) bit mode with ECC disabled

Readonly ROMMON initialized

program load complete, entry point: 0x80803000, size: 0x1b340
program load complete, entry point: 0x80803000, size: 0x1b340

IOS Image Load Test
___________________
Digitally Signed Release Software
program load complete, entry point: 0x81000000, size: 0x2bb1c58
Self decompressing the image :
######################### [OK]
Smart Init is enabled
smart init is sizing iomem
                  TYPE      MEMORY_REQ
           HWIC Slot 0      0x00200000
           HWIC Slot 1      0x00200000     Onboard devices &
          buffer pools      0x01E8F000
-----------------------------------------------
                TOTAL:      0x02E8F000
Rounded IOMEM up to: 48Mb.
Using 6 percent iomem. [48Mb/512Mb]

              Restricted Rights Legend
Use, duplication, or disclosure by the Government is
subject to restrictions as set forth in subparagraph
(c) of the Commercial Computer Software - Restricted
Rights clause at FAR sec. 52.227-19 and subparagraph
(c) (1) (ii) of the Rights in Technical Data and Computer
Software clause at DFARS sec. 252.227-7013.
           cisco Systems, Inc.
           170 West Tasman Drive
           San Jose, California 95134-1706

Cisco IOS Software, C1900 Software (C1900-UNIVERSALK9-M), Version 15.1(4)M4, RELEASE SOFTWARE (fc2)
Technical Support: http://www.cisco.com/techsupport
Copyright (c) 1986-2012 by Cisco Systems, Inc.
Compiled Thurs 5-Jan-12 15:41 by pt_team
Image text-base: 0x2100F918, data-base: 0x24729040

This product contains cryptographic features and is subject to United
States and local country laws governing import, export, transfer and
use. Delivery of Cisco cryptographic products does not imply
third-party authority to import, export, distribute or use encryption.
Importers, exporters, distributors and users are responsible for
compliance with U.S. and local country laws. By using this product you
agree to comply with applicable laws and regulations. If you are unable
to comply with U.S. and local laws, return this product immediately.

A summary of U.S. laws governing Cisco cryptographic products may be found at:
http://www.cisco.com/wwl/export/crypto/tool/stqrg.html

If you require further assistance please contact us by sending email to
export@cisco.com.

Cisco CISCO1941/K9 (revision 1.0) with 491520K/32768K bytes of memory.
Processor board ID FTX152400KS
2 Gigabit Ethernet interfaces
4 Low-speed serial(sync/async) network interface(s)
DRAM configuration is 64 bits wide with parity disabled.
255K bytes of non-volatile configuration memory.
249856K bytes of ATA System CompactFlash 0 (Read/Write)

Press RETURN to get started!


%LINEPROTO-5-UPDOWN: Line protocol on Interface GigabitEthernet0/0, changed state to up

%LINK-5-CHANGED: Interface Serial0/0/0, changed state to up

%LINK-5-CHANGED: Interface Serial0/0/1, changed state to up

%LINEPROTO-5-UPDOWN: Line protocol on Interface Serial0/0/0, changed state to up

%LINEPROTO-5-UPDOWN: Line protocol on Interface Serial0/0/1, changed state to up

%DUAL-5-NBRCHANGE: IP-EIGRP 1: Neighbor 10.1.1.1 (Serial0/0/0) is up: new adjacency

%DUAL-5-NBRCHANGE: IP-EIGRP 1: Neighbor 10.2.2.1 (Serial0/0/1) is up: new adjacency


R2>en
R2#conf t
Enter configuration commands, one per line.  End with CNTL/Z.
R2(config)#ip dhcp excluded-address 192.168.10.1 192.168.10.10
R2(config)#ip dhcp excluded-address 192.168.30.1 192.168.30.10
R2(config)#ip dhcp pool R1-LAN
R2(dhcp-config)#network 192.168.10.0 255.255.255.0
R2(dhcp-config)#dns-server 192.168.20.254
R2(dhcp-config)#default-router 192.168.10.1
R2(dhcp-config)#ip dhcp pool R3-LAN
R2(dhcp-config)#network 192.168.30.0 255.255.255.0
R2(dhcp-config)#dns-server 192.168.20.254
R2(dhcp-config)#default-router 192.168.30.1
R2(dhcp-config)#exit
R2(config)#exit
R2#
%SYS-5-CONFIG_I: Configured from console by console

R2#conf r
        ^
% Invalid input detected at '^' marker.
	
R2#conf t
Enter configuration commands, one per line.  End with CNTL/Z.
R2(config)#int g0/1
R2(config-if)#ip address dhcp
R2(config-if)#exit
R2(config)#exit
R2#
%SYS-5-CONFIG_I: Configured from console by console

R2#show ip interface brief
Interface              IP-Address      OK? Method Status                Protocol 
GigabitEthernet0/0     192.168.20.1    YES manual up                    up 
GigabitEthernet0/1     unassigned      YES DHCP   administratively down down 
Serial0/0/0            10.1.1.2        YES manual up                    up 
Serial0/0/1            10.2.2.2        YES manual up                    up 
Serial0/1/0            unassigned      YES unset  down                  down 
Serial0/1/1            unassigned      YES unset  down                  down 
Vlan1                  unassigned      YES unset  administratively down down
R2#conf t
Enter configuration commands, one per line.  End with CNTL/Z.
R2(config)#int g0/1
R2(config-if)#ip address dhcp
R2(config-if)#no shut

R2(config-if)#
%LINK-5-CHANGED: Interface GigabitEthernet0/1, changed state to up

%LINEPROTO-5-UPDOWN: Line protocol on Interface GigabitEthernet0/1, changed state to up

R2(config-if)#exit
R2(config)#exit
R2#
%SYS-5-CONFIG_I: Configured from console by console

%DHCP-6-ADDRESS_ASSIGN: Interface GigabitEthernet0/1 assigned DHCP address 209.165.200.231, mask 255.255.255.224, hostname R2


%DUAL-5-NBRCHANGE: IP-EIGRP 1: Neighbor 209.165.200.225 (GigabitEthernet0/1) is up: new adjacency

R2#ip interface brief
      ^
% Invalid input detected at '^' marker.
	
R2#show ip interface brief
Interface              IP-Address      OK? Method Status                Protocol 
GigabitEthernet0/0     192.168.20.1    YES manual up                    up 
GigabitEthernet0/1     209.165.200.231 YES DHCP   up                    up 
Serial0/0/0            10.1.1.2        YES manual up                    up 
Serial0/0/1            10.2.2.2        YES manual up                    up 
Serial0/1/0            unassigned      YES unset  down                  down 
Serial0/1/1            unassigned      YES unset  down                  down 
Vlan1                  unassigned      YES unset  administratively down down
R2#show ip dhcp binding
IP address       Client-ID/              Lease expiration        Type
                 Hardware address
192.168.10.11    0002.4AA5.1470           --                     Automatic
192.168.30.11    0004.9A97.2535           --                     Automatic
R2#








R3

System Bootstrap, Version 15.1(4)M4, RELEASE SOFTWARE (fc1)
Technical Support: http://www.cisco.com/techsupport
Copyright (c) 2010 by cisco Systems, Inc.
Total memory size = 512 MB - On-board = 512 MB, DIMM0 = 0 MB
CISCO1941/K9 platform with 524288 Kbytes of main memory
Main memory is configured to 64/-1(On-board/DIMM0) bit mode with ECC disabled

Readonly ROMMON initialized

program load complete, entry point: 0x80803000, size: 0x1b340
program load complete, entry point: 0x80803000, size: 0x1b340

IOS Image Load Test
___________________
Digitally Signed Release Software
program load complete, entry point: 0x81000000, size: 0x2bb1c58
Self decompressing the image :
######################### [OK]
Smart Init is enabled
smart init is sizing iomem
                  TYPE      MEMORY_REQ
           HWIC Slot 0      0x00200000     Onboard devices &
          buffer pools      0x01E8F000
-----------------------------------------------
                TOTAL:      0x0268F000
Rounded IOMEM up to: 40Mb.
Using 6 percent iomem. [40Mb/512Mb]

              Restricted Rights Legend
Use, duplication, or disclosure by the Government is
subject to restrictions as set forth in subparagraph
(c) of the Commercial Computer Software - Restricted
Rights clause at FAR sec. 52.227-19 and subparagraph
(c) (1) (ii) of the Rights in Technical Data and Computer
Software clause at DFARS sec. 252.227-7013.
           cisco Systems, Inc.
           170 West Tasman Drive
           San Jose, California 95134-1706

Cisco IOS Software, C1900 Software (C1900-UNIVERSALK9-M), Version 15.1(4)M4, RELEASE SOFTWARE (fc2)
Technical Support: http://www.cisco.com/techsupport
Copyright (c) 1986-2012 by Cisco Systems, Inc.
Compiled Thurs 5-Jan-12 15:41 by pt_team
Image text-base: 0x2100F918, data-base: 0x24729040

This product contains cryptographic features and is subject to United
States and local country laws governing import, export, transfer and
use. Delivery of Cisco cryptographic products does not imply
third-party authority to import, export, distribute or use encryption.
Importers, exporters, distributors and users are responsible for
compliance with U.S. and local country laws. By using this product you
agree to comply with applicable laws and regulations. If you are unable
to comply with U.S. and local laws, return this product immediately.

A summary of U.S. laws governing Cisco cryptographic products may be found at:
http://www.cisco.com/wwl/export/crypto/tool/stqrg.html

If you require further assistance please contact us by sending email to
export@cisco.com.

Cisco CISCO1941/K9 (revision 1.0) with 491520K/32768K bytes of memory.
Processor board ID FTX152400KS
2 Gigabit Ethernet interfaces
2 Low-speed serial(sync/async) network interface(s)
DRAM configuration is 64 bits wide with parity disabled.
255K bytes of non-volatile configuration memory.
249856K bytes of ATA System CompactFlash 0 (Read/Write)

Press RETURN to get started!


%LINEPROTO-5-UPDOWN: Line protocol on Interface GigabitEthernet0/0, changed state to up

%LINK-5-CHANGED: Interface Serial0/0/1, changed state to up

%LINEPROTO-5-UPDOWN: Line protocol on Interface Serial0/0/1, changed state to up

%DUAL-5-NBRCHANGE: IP-EIGRP 1: Neighbor 10.2.2.2 (Serial0/0/1) is up: new adjacency


R3>en
R3#conf t
Enter configuration commands, one per line.  End with CNTL/Z.
R3(config)#int g0/0
R3(config-if)#ip helper-address 10.2.2.2
R3(config-if)#








R3 con0 is now available






Press RETURN to get started.





R1


System Bootstrap, Version 15.1(4)M4, RELEASE SOFTWARE (fc1)
Technical Support: http://www.cisco.com/techsupport
Copyright (c) 2010 by cisco Systems, Inc.
Total memory size = 512 MB - On-board = 512 MB, DIMM0 = 0 MB
CISCO1941/K9 platform with 524288 Kbytes of main memory
Main memory is configured to 64/-1(On-board/DIMM0) bit mode with ECC disabled

Readonly ROMMON initialized

program load complete, entry point: 0x80803000, size: 0x1b340
program load complete, entry point: 0x80803000, size: 0x1b340

IOS Image Load Test
___________________
Digitally Signed Release Software
program load complete, entry point: 0x81000000, size: 0x2bb1c58
Self decompressing the image :
######################### [OK]
Smart Init is enabled
smart init is sizing iomem
                  TYPE      MEMORY_REQ
           HWIC Slot 0      0x00200000     Onboard devices &
          buffer pools      0x01E8F000
-----------------------------------------------
                TOTAL:      0x0268F000
Rounded IOMEM up to: 40Mb.
Using 6 percent iomem. [40Mb/512Mb]

              Restricted Rights Legend
Use, duplication, or disclosure by the Government is
subject to restrictions as set forth in subparagraph
(c) of the Commercial Computer Software - Restricted
Rights clause at FAR sec. 52.227-19 and subparagraph
(c) (1) (ii) of the Rights in Technical Data and Computer
Software clause at DFARS sec. 252.227-7013.
           cisco Systems, Inc.
           170 West Tasman Drive
           San Jose, California 95134-1706

Cisco IOS Software, C1900 Software (C1900-UNIVERSALK9-M), Version 15.1(4)M4, RELEASE SOFTWARE (fc2)
Technical Support: http://www.cisco.com/techsupport
Copyright (c) 1986-2012 by Cisco Systems, Inc.
Compiled Thurs 5-Jan-12 15:41 by pt_team
Image text-base: 0x2100F918, data-base: 0x24729040

This product contains cryptographic features and is subject to United
States and local country laws governing import, export, transfer and
use. Delivery of Cisco cryptographic products does not imply
third-party authority to import, export, distribute or use encryption.
Importers, exporters, distributors and users are responsible for
compliance with U.S. and local country laws. By using this product you
agree to comply with applicable laws and regulations. If you are unable
to comply with U.S. and local laws, return this product immediately.

A summary of U.S. laws governing Cisco cryptographic products may be found at:
http://www.cisco.com/wwl/export/crypto/tool/stqrg.html

If you require further assistance please contact us by sending email to
export@cisco.com.

Cisco CISCO1941/K9 (revision 1.0) with 491520K/32768K bytes of memory.
Processor board ID FTX152400KS
2 Gigabit Ethernet interfaces
2 Low-speed serial(sync/async) network interface(s)
DRAM configuration is 64 bits wide with parity disabled.
255K bytes of non-volatile configuration memory.
249856K bytes of ATA System CompactFlash 0 (Read/Write)

Press RETURN to get started!


%LINEPROTO-5-UPDOWN: Line protocol on Interface GigabitEthernet0/0, changed state to up

%LINK-5-CHANGED: Interface Serial0/0/0, changed state to up

%LINEPROTO-5-UPDOWN: Line protocol on Interface Serial0/0/0, changed state to up

%DUAL-5-NBRCHANGE: IP-EIGRP 1: Neighbor 10.1.1.2 (Serial0/0/0) is up: new adjacency


R1>en
R1#conf t
Enter configuration commands, one per line.  End with CNTL/Z.
R1(config)#in g0/0
R1(config-if)#
R1(config-if)#int g0/0
R1(config-if)#exit
R1(config)#int g0/0
R1(config-if)#ip helper-address 10.1.1.2
R1(config-if)#








R1 con0 is now available






Press RETURN to get started.






